[Char]
Char
Int
Word
Double
IO ()
(Char,Int,[Char])
TypeRepX
Bool
Ordering
Int -> Int
Proxy Eq Int
Proxy (Int,Int)
Proxy "hello world"
Proxy 1
Proxy ': 1 ': 2 ': 3 '[]
Proxy 'EQ
Proxy TYPE
Proxy *
Proxy *
Proxy *
Proxy 'PtrRepLifted
Proxy ~~
