runghc: defer-type-errors: executeFile: runInteractiveProcess: exec: does not exist (No such file or directory)
